// Vitest Snapshot v1, https://vitest.dev/guide/snapshot.html

exports[`<ComboBoxInput /> > renders properly 1`] = `
<select
  class="tw-form-select tw-block tw-w-full tw-py-2 tw-px-4 tw-border tw-border-gray-300 rounded-md tw-shadow-sm tw-text-sm focus:tw-outline-none focus:tw-ring-indigo-500 focus:tw-border-indigo-500 sm:tw-text-sm"
>
  <option
    value="Option 1"
  >
    Option 1
  </option>
  <option
    value="Option 2"
  >
    Option 2
  </option>
</select>
`;
